// Jest Snapshot v1, https://goo.gl/fbAQLP

exports[`renders the home view 1`] = `
<div>
  <main>
    <section>
      <form>
        <fieldset>
          <legend>
            Name
          </legend>
          <input
            type="text"
            value=""
          />
          <button>
            Add Name
          </button>
        </fieldset>
      </form>
    </section>
    <form>
      <fieldset>
        <legend>
          Entry
        </legend>
        <input
          type="text"
          value=""
        />
        <button>
          Add Entry
        </button>
      </fieldset>
    </form>
    <section>
      <p>
        Entries
      </p>
    </section>
  </main>
</div>
`;
